------------------------------------------------------------
TimeQuest Timing Analyzer Summary
------------------------------------------------------------

Type  : Slow 1100mV 85C Model Setup 'clk'
Slack : -17.071
TNS   : -28600.549

Type  : Slow 1100mV 85C Model Hold 'clk'
Slack : 0.292
TNS   : 0.000

Type  : Slow 1100mV 85C Model Minimum Pulse Width 'clk'
Slack : -0.724
TNS   : -2873.277

Type  : Slow 1100mV 0C Model Setup 'clk'
Slack : -17.551
TNS   : -28909.446

Type  : Slow 1100mV 0C Model Hold 'clk'
Slack : 0.287
TNS   : 0.000

Type  : Slow 1100mV 0C Model Minimum Pulse Width 'clk'
Slack : -0.724
TNS   : -2921.702

Type  : Fast 1100mV 85C Model Setup 'clk'
Slack : -7.190
TNS   : -12487.461

Type  : Fast 1100mV 85C Model Hold 'clk'
Slack : 0.131
TNS   : 0.000

Type  : Fast 1100mV 85C Model Minimum Pulse Width 'clk'
Slack : -0.078
TNS   : -179.025

Type  : Fast 1100mV 0C Model Setup 'clk'
Slack : -6.430
TNS   : -10925.203

Type  : Fast 1100mV 0C Model Hold 'clk'
Slack : 0.121
TNS   : 0.000

Type  : Fast 1100mV 0C Model Minimum Pulse Width 'clk'
Slack : -0.079
TNS   : -182.852

------------------------------------------------------------
